Paragraph lane scope: FAIL (textbook)
- Part A textbook: 14
  - Boek 2 - Kosten, opbrengsten, elasticiteit en surplus/2.1 Hoofdstuk Kosten en opbrengsten/2.1.1 Kostenstructuren/2.1.1 Kostenstructuren – antwoorden.html
  - Boek 2 - Kosten, opbrengsten, elasticiteit en surplus/2.1 Hoofdstuk Kosten en opbrengsten/2.1.1 Kostenstructuren/2.1.1 Kostenstructuren – antwoorden.md
  - Boek 2 - Kosten, opbrengsten, elasticiteit en surplus/2.1 Hoofdstuk Kosten en opbrengsten/2.1.1 Kostenstructuren/2.1.1 Kostenstructuren – antwoorden.pdf
  - Boek 2 - Kosten, opbrengsten, elasticiteit en surplus/2.1 Hoofdstuk Kosten en opbrengsten/2.1.1 Kostenstructuren/2.1.1 Kostenstructuren – opgaven.html
  - Boek 2 - Kosten, opbrengsten, elasticiteit en surplus/2.1 Hoofdstuk Kosten en opbrengsten/2.1.1 Kostenstructuren/2.1.1 Kostenstructuren – opgaven.md
  - Boek 2 - Kosten, opbrengsten, elasticiteit en surplus/2.1 Hoofdstuk Kosten en opbrengsten/2.1.1 Kostenstructuren/2.1.1 Kostenstructuren – opgaven.pdf
  - Boek 2 - Kosten, opbrengsten, elasticiteit en surplus/2.1 Hoofdstuk Kosten en opbrengsten/2.1.1 Kostenstructuren/2.1.1 Kostenstructuren – paragraaf.html
  - Boek 2 - Kosten, opbrengsten, elasticiteit en surplus/2.1 Hoofdstuk Kosten en opbrengsten/2.1.1 Kostenstructuren/2.1.1 Kostenstructuren – paragraaf.md
  - Boek 2 - Kosten, opbrengsten, elasticiteit en surplus/2.1 Hoofdstuk Kosten en opbrengsten/2.1.1 Kostenstructuren/2.1.1 Kostenstructuren – paragraaf.pdf
  - Boek 2 - Kosten, opbrengsten, elasticiteit en surplus/2.1 Hoofdstuk Kosten en opbrengsten/2.1.1 Kostenstructuren/2.1.1-review.md
  - Boek 2 - Kosten, opbrengsten, elasticiteit en surplus/2.1 Hoofdstuk Kosten en opbrengsten/2.1.1 Kostenstructuren/2.1.1-textbook-handoff.md
  - Boek 2 - Kosten, opbrengsten, elasticiteit en surplus/2.1 Hoofdstuk Kosten en opbrengsten/2.1.1 Kostenstructuren/_assets/2.1.1_fig_1.png
  - Boek 2 - Kosten, opbrengsten, elasticiteit en surplus/2.1 Hoofdstuk Kosten en opbrengsten/2.1.1 Kostenstructuren/_assets/2.1.1_fig_1.svg
  - Boek 2 - Kosten, opbrengsten, elasticiteit en surplus/2.1 Hoofdstuk Kosten en opbrengsten/2.1.1 Kostenstructuren/build_pdf.py
- review evidence: 1
  - Boek 2 - Kosten, opbrengsten, elasticiteit en surplus/2.1 Hoofdstuk Kosten en opbrengsten/2.1.1 Kostenstructuren/2.1.1-quality-ref.yaml
- unknown: 1
  - Boek 2 - Kosten, opbrengsten, elasticiteit en surplus/2.1 Hoofdstuk Kosten en opbrengsten/2.1.1 Kostenstructuren/2.1.1-textbook-plan.md
FAIL: unknown paths require explicit classification: Boek 2 - Kosten, opbrengsten, elasticiteit en surplus/2.1 Hoofdstuk Kosten en opbrengsten/2.1.1 Kostenstructuren/2.1.1-textbook-plan.md
