{"utc": "2026-09-13T11:42:14.357792+00:00", "action": "event", "kind": "output_check", "detail": "Compared five PDFs page text and generated HTML nonblank lines against preserved baseline; reports in pdf-page-map.json and *text.diff / *html-semantic.diff. Text extraction is not visual QA.", "seconds": 4.253242800012231}
{"file": "Boek 2 - Kosten, opbrengsten, elasticiteit en surplus\\2.1 Hoofdstuk Kosten en opbrengsten\\2.1.1 Kostenstructuren\\2.1.1 Kostenstructuren – antwoorden.pdf", "before_pages": 6, "after_pages": 6, "text_changed_pages": [2], "software_pages": [2]}
{"file": "Boek 2 - Kosten, opbrengsten, elasticiteit en surplus\\2.1 Hoofdstuk Kosten en opbrengsten\\2.1.1 Kostenstructuren\\2.1.1 Kostenstructuren – opgaven.pdf", "before_pages": 5, "after_pages": 5, "text_changed_pages": [3], "software_pages": [3]}
{"file": "Boek 2 - Kosten, opbrengsten, elasticiteit en surplus\\2.1 Hoofdstuk Kosten en opbrengsten\\2.1.1 Kostenstructuren\\2.1.1 Kostenstructuren – paragraaf.pdf", "before_pages": 8, "after_pages": 8, "text_changed_pages": [6], "software_pages": [6]}
{"html": "2.1.1 Kostenstructuren – antwoorden.html", "old_newline_counts": {"LF": 987, "CR": 0}, "new_newline_counts": {"LF": 505, "CR": 988}}
--- before

+++ after

@@ -263,7 +263,7 @@

 <p><strong>A.</strong> Constante kosten:</p>
 <ul>
 <li>huur: EUR 900</li>
-<li>vast softwareabonnement: EUR 150</li>
+<li>vast softwareabonnement: EUR 175</li>
 </ul>
 <p><strong>B.</strong> Variabele kosten:</p>
 <ul>
@@ -271,13 +271,13 @@

 </ul>
 <p><strong>C.</strong> Formules:</p>
 <ul>
-<li><code>TCK = 900 + 150 = 1050</code></li>
+<li><code>TCK = 900 + 175 = 1075</code></li>
 <li><code>TVK = 2Q</code></li>
-<li><code>TK = 1050 + 2Q</code></li>
+<li><code>TK = 1075 + 2Q</code></li>
 </ul>
 <p><strong>D.</strong> Bij <code>Q = 200</code>:</p>
-<p><code>TK = 1050 + 2 x 200 = 1050 + 400 = 1450</code></p>
-<p>De totale kosten zijn EUR 1450.</p>
+<p><code>TK = 1075 + 2 x 200 = 1075 + 400 = 1475</code></p>
+<p>De totale kosten zijn EUR 1475.</p>
 <hr />
 <h2 id="opgave-3">Opgave 3</h2>
 <p><strong>A.</strong> Totale kosten:</p>
{"html": "2.1.1 Kostenstructuren – opgaven.html", "old_newline_counts": {"LF": 913, "CR": 0}, "new_newline_counts": {"LF": 468, "CR": 914}}
--- before

+++ after

@@ -321,7 +321,7 @@

 <p><strong>Opgave 2</strong> <em>(herken constante en variabele
 kosten)</em></p>
 <p>Een kleine drukkerij maakt posters. De drukkerij betaalt per maand
-EUR 900 huur en EUR 150 voor een vast softwareabonnement. Papier en inkt
+EUR 900 huur en EUR 175 voor een vast softwareabonnement. Papier en inkt
 kosten EUR 2 per poster.</p>
 <p><strong>A.</strong> Welke kosten zijn constante kosten?</p>
 <p><strong>B.</strong> Welke kosten zijn variabele kosten?</p>
{"html": "2.1.1 Kostenstructuren – paragraaf.html", "old_newline_counts": {"LF": 1183, "CR": 0}, "new_newline_counts": {"LF": 603, "CR": 1184}}
--- before

+++ after

@@ -456,7 +456,7 @@

 <p><strong>Opgave 2</strong> <em>(herken constante en variabele
 kosten)</em></p>
 <p>Een kleine drukkerij maakt posters. De drukkerij betaalt per maand
-EUR 900 huur en EUR 150 voor een vast softwareabonnement. Papier en inkt
+EUR 900 huur en EUR 175 voor een vast softwareabonnement. Papier en inkt
 kosten EUR 2 per poster.</p>
 <p><strong>A.</strong> Welke kosten zijn constante kosten?</p>
 <p><strong>B.</strong> Welke kosten zijn variabele kosten?</p>
{"file": "Boek 2 - Kosten, opbrengsten, elasticiteit en surplus\\2.1 Hoofdstuk Kosten en opbrengsten\\2.1 Kosten en opbrengsten – antwoorden.pdf", "before_pages": 24, "after_pages": 24, "text_changed_pages": [2, 3], "software_pages": [2]}
{"file": "Boek 2 - Kosten, opbrengsten, elasticiteit en surplus\\2.1 Hoofdstuk Kosten en opbrengsten\\2.1 Kosten en opbrengsten – hoofdstuk.pdf", "before_pages": 36, "after_pages": 36, "text_changed_pages": [7], "software_pages": [7]}
{"html": "2.1 Kosten en opbrengsten – antwoorden.html", "old_newline_counts": {"LF": 4660, "CR": 0}, "new_newline_counts": {"LF": 2391, "CR": 4661}}
--- before

+++ after

@@ -187,7 +187,7 @@

 <p><strong>A.</strong> Constante kosten:</p>
 <ul>
 <li>huur: EUR 900</li>
-<li>vast softwareabonnement: EUR 150</li>
+<li>vast softwareabonnement: EUR 175</li>
 </ul>
 <p><strong>B.</strong> Variabele kosten:</p>
 <ul>
@@ -195,13 +195,13 @@

 </ul>
 <p><strong>C.</strong> Formules:</p>
 <ul>
-<li><code>TCK = 900 + 150 = 1050</code></li>
+<li><code>TCK = 900 + 175 = 1075</code></li>
 <li><code>TVK = 2Q</code></li>
-<li><code>TK = 1050 + 2Q</code></li>
+<li><code>TK = 1075 + 2Q</code></li>
 </ul>
 <p><strong>D.</strong> Bij <code>Q = 200</code>:</p>
-<p><code>TK = 1050 + 2 x 200 = 1050 + 400 = 1450</code></p>
-<p>De totale kosten zijn EUR 1450.</p>
+<p><code>TK = 1075 + 2 x 200 = 1075 + 400 = 1475</code></p>
+<p>De totale kosten zijn EUR 1475.</p>
 <hr />
 </div><div class="exercise"><h2 id="opgave-3">Opgave 3</h2>
 <p><strong>A.</strong> Totale kosten:</p>
{"html": "2.1 Kosten en opbrengsten – hoofdstuk.html", "old_newline_counts": {"LF": 5492, "CR": 0}, "new_newline_counts": {"LF": 2807, "CR": 5493}}
--- before

+++ after

@@ -426,7 +426,7 @@

 </div><div class="exercise"><p><strong>Opgave 2</strong> <em>(herken constante en variabele
 kosten)</em></p>
 <p>Een kleine drukkerij maakt posters. De drukkerij betaalt per maand
-EUR 900 huur en EUR 150 voor een vast softwareabonnement. Papier en inkt
+EUR 900 huur en EUR 175 voor een vast softwareabonnement. Papier en inkt
 kosten EUR 2 per poster.</p>
 <p><strong>A.</strong> Welke kosten zijn constante kosten?</p>
 <p><strong>B.</strong> Welke kosten zijn variabele kosten?</p>
