diff --git "a/Boek 2 - Kosten, opbrengsten, elasticiteit en surplus/2.1 Hoofdstuk Kosten en opbrengsten/2.1 Kosten en opbrengsten \342\200\223 antwoorden.md" "b/Boek 2 - Kosten, opbrengsten, elasticiteit en surplus/2.1 Hoofdstuk Kosten en opbrengsten/2.1 Kosten en opbrengsten \342\200\223 antwoorden.md"
index 451bfeb..477f3f7 100644
--- "a/Boek 2 - Kosten, opbrengsten, elasticiteit en surplus/2.1 Hoofdstuk Kosten en opbrengsten/2.1 Kosten en opbrengsten \342\200\223 antwoorden.md"	
+++ "b/Boek 2 - Kosten, opbrengsten, elasticiteit en surplus/2.1 Hoofdstuk Kosten en opbrengsten/2.1 Kosten en opbrengsten \342\200\223 antwoorden.md"	
@@ -50,7 +50,7 @@ Punten: 1 punt per goed grafiekgegeven en 1 punt voor de uitleg bij d.
 **A.** Constante kosten:
 
 - huur: EUR 900
-- vast softwareabonnement: EUR 150
+- vast softwareabonnement: EUR 175
 
 **B.** Variabele kosten:
 
@@ -58,15 +58,15 @@ Punten: 1 punt per goed grafiekgegeven en 1 punt voor de uitleg bij d.
 
 **C.** Formules:
 
-- `TCK = 900 + 150 = 1050`
+- `TCK = 900 + 175 = 1075`
 - `TVK = 2Q`
-- `TK = 1050 + 2Q`
+- `TK = 1075 + 2Q`
 
 **D.** Bij `Q = 200`:
 
-`TK = 1050 + 2 x 200 = 1050 + 400 = 1450`
+`TK = 1075 + 2 x 200 = 1075 + 400 = 1475`
 
-De totale kosten zijn EUR 1450.
+De totale kosten zijn EUR 1475.
 
 ---
 
diff --git "a/Boek 2 - Kosten, opbrengsten, elasticiteit en surplus/2.1 Hoofdstuk Kosten en opbrengsten/2.1 Kosten en opbrengsten \342\200\223 hoofdstuk.md" "b/Boek 2 - Kosten, opbrengsten, elasticiteit en surplus/2.1 Hoofdstuk Kosten en opbrengsten/2.1 Kosten en opbrengsten \342\200\223 hoofdstuk.md"
index 1a58434..29e26da 100644
--- "a/Boek 2 - Kosten, opbrengsten, elasticiteit en surplus/2.1 Hoofdstuk Kosten en opbrengsten/2.1 Kosten en opbrengsten \342\200\223 hoofdstuk.md"	
+++ "b/Boek 2 - Kosten, opbrengsten, elasticiteit en surplus/2.1 Hoofdstuk Kosten en opbrengsten/2.1 Kosten en opbrengsten \342\200\223 hoofdstuk.md"	
@@ -225,7 +225,7 @@ Welk bedrag stelt die afstand voor?
 **Opgave 2** *(herken constante en variabele kosten)*
 
 Een kleine drukkerij maakt posters. De drukkerij betaalt per maand EUR 900 huur
-en EUR 150 voor een vast softwareabonnement. Papier en inkt kosten EUR 2 per
+en EUR 175 voor een vast softwareabonnement. Papier en inkt kosten EUR 2 per
 poster.
 
 **A.** Welke kosten zijn constante kosten?
@@ -398,7 +398,7 @@ De **totale opbrengst** is het bedrag dat een onderneming ontvangt door producte
 >
 > `TO = P × Q`
 >
-> `P` = prijs per product
+> `P` = prijs per product  
 > `Q` = aantal verkochte producten
 
 Bij de bakkerij is de prijs per brood €1,50. De opbrengstfunctie is daarom:
@@ -808,7 +808,7 @@ De **marginale kosten** zijn de extra kosten van één extra product.
 >
 > `MK = ΔTK / ΔQ`
 >
-> `ΔTK` = verandering van de totale kosten
+> `ΔTK` = verandering van de totale kosten  
 > `ΔQ` = verandering van de productieomvang
 
 De **marginale opbrengsten** zijn de extra opbrengst van één extra verkocht product.
@@ -817,7 +817,7 @@ De **marginale opbrengsten** zijn de extra opbrengst van één extra verkocht pr
 >
 > `MO = ΔTO / ΔQ`
 >
-> `ΔTO` = verandering van de totale opbrengst
+> `ΔTO` = verandering van de totale opbrengst  
 > `ΔQ` = verandering van de verkoop
 
 Als `Q` met precies 1 stijgt, deel je door 1. Dan is `MK` gewoon de extra kosten van dat ene product. Maar in veel tabellen springt `Q` met 5, 10 of 20 tegelijk. Dan moet je de verandering eerst delen door de stapgrootte.
diff --git "a/Boek 2 - Kosten, opbrengsten, elasticiteit en surplus/2.1 Hoofdstuk Kosten en opbrengsten/2.1.1 Kostenstructuren/2.1.1 Kostenstructuren \342\200\223 antwoorden.md" "b/Boek 2 - Kosten, opbrengsten, elasticiteit en surplus/2.1 Hoofdstuk Kosten en opbrengsten/2.1.1 Kostenstructuren/2.1.1 Kostenstructuren \342\200\223 antwoorden.md"
index 6b1442c..9ee625a 100644
--- "a/Boek 2 - Kosten, opbrengsten, elasticiteit en surplus/2.1 Hoofdstuk Kosten en opbrengsten/2.1.1 Kostenstructuren/2.1.1 Kostenstructuren \342\200\223 antwoorden.md"	
+++ "b/Boek 2 - Kosten, opbrengsten, elasticiteit en surplus/2.1 Hoofdstuk Kosten en opbrengsten/2.1.1 Kostenstructuren/2.1.1 Kostenstructuren \342\200\223 antwoorden.md"	
@@ -45,7 +45,7 @@ Punten: 1 punt per goed grafiekgegeven en 1 punt voor de uitleg bij d.
 **A.** Constante kosten:
 
 - huur: EUR 900
-- vast softwareabonnement: EUR 150
+- vast softwareabonnement: EUR 175
 
 **B.** Variabele kosten:
 
@@ -53,15 +53,15 @@ Punten: 1 punt per goed grafiekgegeven en 1 punt voor de uitleg bij d.
 
 **C.** Formules:
 
-- `TCK = 900 + 150 = 1050`
+- `TCK = 900 + 175 = 1075`
 - `TVK = 2Q`
-- `TK = 1050 + 2Q`
+- `TK = 1075 + 2Q`
 
 **D.** Bij `Q = 200`:
 
-`TK = 1050 + 2 x 200 = 1050 + 400 = 1450`
+`TK = 1075 + 2 x 200 = 1075 + 400 = 1475`
 
-De totale kosten zijn EUR 1450.
+De totale kosten zijn EUR 1475.
 
 ---
 
diff --git "a/Boek 2 - Kosten, opbrengsten, elasticiteit en surplus/2.1 Hoofdstuk Kosten en opbrengsten/2.1.1 Kostenstructuren/2.1.1 Kostenstructuren \342\200\223 opgaven.md" "b/Boek 2 - Kosten, opbrengsten, elasticiteit en surplus/2.1 Hoofdstuk Kosten en opbrengsten/2.1.1 Kostenstructuren/2.1.1 Kostenstructuren \342\200\223 opgaven.md"
index a1e4f4c..927eb76 100644
--- "a/Boek 2 - Kosten, opbrengsten, elasticiteit en surplus/2.1 Hoofdstuk Kosten en opbrengsten/2.1.1 Kostenstructuren/2.1.1 Kostenstructuren \342\200\223 opgaven.md"	
+++ "b/Boek 2 - Kosten, opbrengsten, elasticiteit en surplus/2.1 Hoofdstuk Kosten en opbrengsten/2.1.1 Kostenstructuren/2.1.1 Kostenstructuren \342\200\223 opgaven.md"	
@@ -70,7 +70,7 @@ Welk bedrag stelt die afstand voor?
 **Opgave 2** *(herken constante en variabele kosten)*
 
 Een kleine drukkerij maakt posters. De drukkerij betaalt per maand EUR 900 huur
-en EUR 150 voor een vast softwareabonnement. Papier en inkt kosten EUR 2 per
+en EUR 175 voor een vast softwareabonnement. Papier en inkt kosten EUR 2 per
 poster.
 
 **A.** Welke kosten zijn constante kosten?
diff --git "a/Boek 2 - Kosten, opbrengsten, elasticiteit en surplus/2.1 Hoofdstuk Kosten en opbrengsten/2.1.1 Kostenstructuren/2.1.1 Kostenstructuren \342\200\223 paragraaf.md" "b/Boek 2 - Kosten, opbrengsten, elasticiteit en surplus/2.1 Hoofdstuk Kosten en opbrengsten/2.1.1 Kostenstructuren/2.1.1 Kostenstructuren \342\200\223 paragraaf.md"
index 6aafb71..aebdb1f 100644
--- "a/Boek 2 - Kosten, opbrengsten, elasticiteit en surplus/2.1 Hoofdstuk Kosten en opbrengsten/2.1.1 Kostenstructuren/2.1.1 Kostenstructuren \342\200\223 paragraaf.md"	
+++ "b/Boek 2 - Kosten, opbrengsten, elasticiteit en surplus/2.1 Hoofdstuk Kosten en opbrengsten/2.1.1 Kostenstructuren/2.1.1 Kostenstructuren \342\200\223 paragraaf.md"	
@@ -191,7 +191,7 @@ Welk bedrag stelt die afstand voor?
 **Opgave 2** *(herken constante en variabele kosten)*
 
 Een kleine drukkerij maakt posters. De drukkerij betaalt per maand EUR 900 huur
-en EUR 150 voor een vast softwareabonnement. Papier en inkt kosten EUR 2 per
+en EUR 175 voor een vast softwareabonnement. Papier en inkt kosten EUR 2 per
 poster.
 
 **A.** Welke kosten zijn constante kosten?
warning: in the working copy of 'Boek 2 - Kosten, opbrengsten, elasticiteit en surplus/2.1 Hoofdstuk Kosten en opbrengsten/2.1 Kosten en opbrengsten – antwoorden.md', CRLF will be replaced by LF the next time Git touches it
warning: in the working copy of 'Boek 2 - Kosten, opbrengsten, elasticiteit en surplus/2.1 Hoofdstuk Kosten en opbrengsten/2.1 Kosten en opbrengsten – hoofdstuk.md', CRLF will be replaced by LF the next time Git touches it
